a) 12345678901234567890
b) 1234567890123456789
c) SLAW_RANGE_ERR
d) 1234567890
e) SLAW_RANGE_ERR
f) 1234567890
g) 12345
h) 123
i) 10000000000000000000
j) 12297828649465282560
k) 12345678901234567890
l) SLAW_NOT_NUMERIC
m) SLAW_NOT_NUMERIC
n) SLAW_RANGE_ERR
o) SLAW_RANGE_ERR
p) 157
q) 7
r) 5613
s) SLAW_RANGE_ERR
t) 4503599627370495
u) 4503599627370495
v) SLAW_RANGE_ERR
w) SLAW_RANGE_ERR
x) SLAW_RANGE_ERR
y) SLAW_RANGE_ERR
z) 255
0) 65535
1) 4294967295
2) SLAW_NOT_NUMERIC
3) SLAW_NOT_NUMERIC

a) SLAW_RANGE_ERR
b) 1234567890123456789
c) -1234567890123456789
d) 1234567890
e) -1234567890
f) 1234567890
g) 12345
h) 123
i) SLAW_RANGE_ERR
j) SLAW_RANGE_ERR
k) SLAW_RANGE_ERR
l) SLAW_NOT_NUMERIC
m) SLAW_NOT_NUMERIC
n) -1
o) SLAW_RANGE_ERR
p) 157
q) 7
r) 5613
s) -4503599627370495
t) 4503599627370495
u) 4503599627370495
v) -8388607
w) -157
x) -7
y) -2147483648
z) 255
0) 65535
1) 4294967295
2) SLAW_NOT_NUMERIC
3) SLAW_NOT_NUMERIC

a) SLAW_RANGE_ERR
b) SLAW_RANGE_ERR
c) SLAW_RANGE_ERR
d) hex bits of float64 = 41D26580B4800000
e) hex bits of float64 = C1D26580B4800000
f) hex bits of float64 = 41D26580B4800000
g) hex bits of float64 = 40C81C8000000000
h) hex bits of float64 = 405EC00000000000
i) hex bits of float64 = 43E158E460913D00
j) hex bits of float64 = 43E5555540000000
k) SLAW_RANGE_ERR
l) SLAW_NOT_NUMERIC
m) SLAW_NOT_NUMERIC
n) hex bits of float64 = BFF0000000000000
o) hex bits of float64 = 3FF8000000000000
p) hex bits of float64 = 4063A00000000000
q) hex bits of float64 = 401C000000000000
r) hex bits of float64 = 40B5ED0000000000
s) hex bits of float64 = C32FFFFFFFFFFFFE
t) hex bits of float64 = 432FFFFFFFFFFFFE
u) hex bits of float64 = 432FFFFFFFFFFFFE
v) hex bits of float64 = C15FFFFFC0000000
w) hex bits of float64 = C063A00000000000
x) hex bits of float64 = C01C000000000000
y) hex bits of float64 = C1E0000000000000
z) hex bits of float64 = 406FE00000000000
0) hex bits of float64 = 40EFFFE000000000
1) hex bits of float64 = 41EFFFFFFFE00000
2) SLAW_NOT_NUMERIC
3) SLAW_NOT_NUMERIC
